=== Phi-Accrual vs Fixed Timeout ===
Normal intervals: ~100ms ± 20ms (80 samples)
Faulty intervals: ~500ms ± 100ms (20 samples)

Phi-accrual (threshold=8):
  Triggered at: heartbeat #80
  Fault started at: heartbeat #80
  Detection delay: 0 heartbeats

Fixed timeout (300ms):
  Triggered at: heartbeat #80
  False positives during normal period: 0

✓ All assertions passed

=== Phi Progression (first 15 after fault injection) ===
Heartbeat    Interval     Phi         
  #80          427.7ms     15.00
  #81          470.6ms      4.73
  #82          315.9ms      2.49
  #83          391.8ms      2.68
  #84          443.2ms      2.76
  #85          541.6ms      3.04
  #86          619.3ms      3.07
  #87          498.2ms      2.48
  #88          526.1ms      2.49
  #89          516.8ms      2.45
  #90          608.5ms      2.58
  #91          589.3ms      2.49
  #92          527.4ms      2.35
  #93          398.9ms      0.00
  #94          590.3ms      2.46
