== 完整会话取证 2026-08-26 @59cff12, statistics_password=secret123
-- T0 getIP:
{"processedString":"127.0.0.1 - localhost IPv4 access","rawIspInfo":{"ip":"","hostname":"","city":"","region":"","country":"","loc":"","org":"","postal":"","timezone":"","readme":""}}
-- T1 下行 1MiB:
200 1048576B 0.011082s
-- T2 上行 sink:
200 sent=1048576
-- T3 遥测上报:
id 01M0XHTRFPBT37WCW3KTS49H9H
-- T4 results/json?id:
{"timestamp":"2026-08-26 06:49:36","download":"938","upload":"104","ping":"2.84","jitter":"1.05","ispinfo":"China Unicom, CN"}

-- T5 缺 id:
{"error":"missing id parameter"}
 [400]
-- T6 假 id:
{"error":"result not found"}
 [404]
-- T7 PNG 结果卡:
200 19659B image/png
-- T8 stats 登录(错密码):
200
-- T9 stats 登录(对密码):
200
-- T10 已登录看 L100:
== 重测登录流
-- 密码门确认:
0(密码已启用)
-- 错密码:
403
-- 对密码(应307):
307
1
-- 已登录查 L100:
China Unicom
938
