seed=20260823 · 3 进程 · 60 事件 · 消息传递(local/send/recv)

| # | 进程 | 类型 | Lamport | 向量时钟 |
| --- | --- | --- | --- | --- |
| 0 | P0 | send | 1 | [1,0,0] |
| 1 | P0 | local | 2 | [2,0,0] |
| 2 | P0 | local | 3 | [3,0,0] |
| 3 | P0 | local | 4 | [4,0,0] |
| 4 | P0 | send | 5 | [5,0,0] |
| 5 | P0 | send | 6 | [6,0,0] |
| 6 | P0 | send | 7 | [7,0,0] |
| 7 | P0 | send | 8 | [8,0,0] |
| 8 | P0 | send | 9 | [9,0,0] |
| 9 | P0 | send | 10 | [10,0,0] |
| 10 | P0 | send | 11 | [11,0,0] |
| 11 | P0 | send | 12 | [12,0,0] |
| 12 | P0 | local | 13 | [13,0,0] |
| 13 | P0 | send | 14 | [14,0,0] |
…

事件对总数(无序对): 1770
因果相关对: 601
并发对: 1169
其中被 Lamport 全序强排出先后的并发对(谎): 1120
谎言样例(L 小不代表先发生):
  P0send     L=1 VC=[1,0,0]  vs  P1send     L=2 VC=[0,2,0]
  P0send     L=1 VC=[1,0,0]  vs  P1send     L=3 VC=[0,3,0]
  P0send     L=1 VC=[1,0,0]  vs  P1send     L=4 VC=[0,4,0]
