id	select_type	table	partitions	type	possible_keys	key	key_len	ref	rows	filtered	Extra
1	SIMPLE	orders_skew	NULL	ref	idx_status	idx_status	1	const	498378	100.00	NULL
id	select_type	table	partitions	type	possible_keys	key	key_len	ref	rows	filtered	Extra
1	SIMPLE	orders_skew	NULL	ref	idx_status	idx_status	1	const	10000	100.00	NULL
id	select_type	table	partitions	type	possible_keys	key	key_len	ref	rows	filtered	Extra
1	SIMPLE	orders_skew	NULL	ref	idx_user	idx_user	4	const	10	100.00	NULL
id	select_type	table	partitions	type	possible_keys	key	key_len	ref	rows	filtered	Extra
1	SIMPLE	orders_skew	NULL	range	idx_vcode	idx_vcode	130	NULL	23020	100.00	Using index condition
id	select_type	table	partitions	type	possible_keys	key	key_len	ref	rows	filtered	Extra
1	SIMPLE	orders_skew	NULL	ALL	NULL	NULL	NULL	NULL	996756	11.11	Using where
id	select_type	table	partitions	type	possible_keys	key	key_len	ref	rows	filtered	Extra
1	SIMPLE	orders_skew	NULL	ALL	NULL	NULL	NULL	NULL	996756	100.00	Using where
id	select_type	table	partitions	type	possible_keys	key	key_len	ref	rows	filtered	Extra
1	SIMPLE	orders_skew	NULL	ALL	idx_vcode	NULL	NULL	NULL	996756	10.00	Using where
id	select_type	table	partitions	type	possible_keys	key	key_len	ref	rows	filtered	Extra
1	SIMPLE	orders_skew	NULL	ref	idx_user	idx_user	4	const	10	100.00	Using index
id	select_type	table	partitions	type	possible_keys	key	key_len	ref	rows	filtered	Extra
1	SIMPLE	orders_skew	NULL	ref	idx_user	idx_user	4	const	10	100.00	Using filesort
EXPLAIN
-> Index lookup on orders_skew using idx_status (status=1)  (cost=3476 rows=10000)\n
EXPLAIN
-> Index lookup on orders_skew using idx_status (status=1)  (cost=3476 rows=10000) (actual time=4.38..38.4 rows=10000 loops=1)\n
