id	select_type	table	partitions	type	possible_keys	key	key_len	ref	rows	filtered	Extra
1	SIMPLE	orders_skew	NULL	ref	idx_status	idx_status	1	const	498378	100.00	NULL
*************************** 1. row ***************************
                            QUERY: EXPLAIN SELECT * FROM orders_skew WHERE status = 0
                            TRACE: {
  "steps": [
    {
      "join_preparation": {
        "select#": 1,
        "steps": [
          {
            "expanded_query": "/* select#1 */ select `orders_skew`.`id` AS `id`,`orders_skew`.`user_id` AS `user_id`,`orders_skew`.`status` AS `status`,`orders_skew`.`amount` AS `amount`,`orders_skew`.`vcode` AS `vcode`,`orders_skew`.`created_at` AS `created_at` from `orders_skew` where (`orders_skew`.`status` = 0)"
          }
        ]
      }
    },
    {
      "join_optimization": {
        "select#": 1,
        "steps": [
          {
            "condition_processing": {
              "condition": "WHERE",
              "original_condition": "(`orders_skew`.`status` = 0)",
              "steps": [
                {
                  "transformation": "equality_propagation",
                  "resulting_condition": "multiple equal(0, `orders_skew`.`status`)"
                },
                {
                  "transformation": "constant_propagation",
                  "resulting_condition": "multiple equal(0, `orders_skew`.`status`)"
                },
                {
                  "transformation": "trivial_condition_removal",
                  "resulting_condition": "multiple equal(0, `orders_skew`.`status`)"
                }
              ]
            }
          },
          {
            "substitute_generated_columns": {
            }
          },
          {
            "table_dependencies": [
              {
                "table": "`orders_skew`",
                "row_may_be_null": false,
                "map_bit": 0,
                "depends_on_map_bits": [
                ]
              }
            ]
          },
          {
            "ref_optimizer_key_uses": [
              {
                "table": "`orders_skew`",
                "field": "status",
                "equals": "0",
                "null_rejecting": true
              }
            ]
          },
          {
            "rows_estimation": [
              {
                "table": "`orders_skew`",
                "range_analysis": {
                  "table_scan": {
                    "rows": 996756,
                    "cost": 100503
                  },
                  "potential_range_indexes": [
                    {
                      "index": "PRIMARY",
                      "usable": false,
                      "cause": "not_applicable"
                    },
                    {
                      "index": "idx_user",
                      "usable": false,
                      "cause": "not_applicable"
                    },
                    {
                      "index": "idx_status",
                      "usable": true,
                      "key_parts": [
                        "status",
                        "id"
                      ]
                    },
                    {
                      "index": "idx_vcode",
                      "usable": false,
                      "cause": "not_applicable"
                    }
                  ],
                  "setup_range_conditions": [
                  ],
                  "group_index_range": {
                    "chosen": false,
                    "cause": "not_group_by_or_distinct"
                  },
                  "skip_scan_range": {
                    "potential_skip_scan_indexes": [
                      {
                        "index": "idx_status",
                        "usable": false,
                        "cause": "query_references_nonkey_column"
                      }
                    ]
                  },
                  "analyzing_range_alternatives": {
                    "range_scan_alternatives": [
                      {
                        "index": "idx_status",
                        "ranges": [
                          "status = 0"
                        ],
                        "index_dives_for_eq_ranges": true,
                        "rowid_ordered": true,
                        "using_mrr": false,
                        "index_only": false,
                        "in_memory": 0.747486,
                        "rows": 498378,
                        "cost": 174433,
                        "chosen": false,
                        "cause": "cost"
                      }
                    ],
                    "analyzing_roworder_intersect": {
                      "usable": false,
                      "cause": "too_few_roworder_scans"
                    }
                  }
                }
              }
            ]
          },
          {
            "considered_execution_plans": [
              {
                "plan_prefix": [
                ],
                "table": "`orders_skew`",
                "best_access_path": {
                  "considered_access_paths": [
                    {
                      "access_type": "ref",
                      "index": "idx_status",
                      "rows": 498378,
                      "cost": 52314.3,
                      "chosen": true
                    },
                    {
                      "rows_to_scan": 996756,
                      "filtering_effect": [
                      ],
                      "final_filtering_effect": 0.5,
                      "access_type": "scan",
                      "resulting_rows": 498378,
                      "cost": 100501,
                      "chosen": false
                    }
                  ]
                },
                "condition_filtering_pct": 100,
                "rows_for_plan": 498378,
                "cost_for_plan": 52314.3,
                "chosen": true
              }
            ]
          },
          {
            "attaching_conditions_to_tables": {
              "original_condition": "(`orders_skew`.`status` = 0)",
              "attached_conditions_computation": [
              ],
              "attached_conditions_summary": [
                {
                  "table": "`orders_skew`",
                  "attached": "(`orders_skew`.`status` = 0)"
                }
              ]
            }
          },
          {
            "finalizing_table_conditions": [
              {
                "table": "`orders_skew`",
                "original_table_condition": "(`orders_skew`.`status` = 0)",
                "final_table_condition   ": null
              }
            ]
          },
          {
            "refine_plan": [
              {
                "table": "`orders_skew`"
              }
            ]
          }
        ]
      }
    },
    {
      "join_explain": {
        "select#": 1,
        "steps": [
        ]
      }
    }
  ]
}
MISSING_BYTES_BEYOND_MAX_MEM_SIZE: 0
          INSUFFICIENT_PRIVILEGES: 0
id	select_type	table	partitions	type	possible_keys	key	key_len	ref	rows	filtered	Extra
1	SIMPLE	orders_skew	NULL	ref	idx_status	idx_status	1	const	10000	100.00	NULL
*************************** 1. row ***************************
                            QUERY: EXPLAIN SELECT * FROM orders_skew WHERE status = 1
                            TRACE: {
  "steps": [
    {
      "join_preparation": {
        "select#": 1,
        "steps": [
          {
            "expanded_query": "/* select#1 */ select `orders_skew`.`id` AS `id`,`orders_skew`.`user_id` AS `user_id`,`orders_skew`.`status` AS `status`,`orders_skew`.`amount` AS `amount`,`orders_skew`.`vcode` AS `vcode`,`orders_skew`.`created_at` AS `created_at` from `orders_skew` where (`orders_skew`.`status` = 1)"
          }
        ]
      }
    },
    {
      "join_optimization": {
        "select#": 1,
        "steps": [
          {
            "condition_processing": {
              "condition": "WHERE",
              "original_condition": "(`orders_skew`.`status` = 1)",
              "steps": [
                {
                  "transformation": "equality_propagation",
                  "resulting_condition": "multiple equal(1, `orders_skew`.`status`)"
                },
                {
                  "transformation": "constant_propagation",
                  "resulting_condition": "multiple equal(1, `orders_skew`.`status`)"
                },
                {
                  "transformation": "trivial_condition_removal",
                  "resulting_condition": "multiple equal(1, `orders_skew`.`status`)"
                }
              ]
            }
          },
          {
            "substitute_generated_columns": {
            }
          },
          {
            "table_dependencies": [
              {
                "table": "`orders_skew`",
                "row_may_be_null": false,
                "map_bit": 0,
                "depends_on_map_bits": [
                ]
              }
            ]
          },
          {
            "ref_optimizer_key_uses": [
              {
                "table": "`orders_skew`",
                "field": "status",
                "equals": "1",
                "null_rejecting": true
              }
            ]
          },
          {
            "rows_estimation": [
              {
                "table": "`orders_skew`",
                "range_analysis": {
                  "table_scan": {
                    "rows": 996756,
                    "cost": 100503
                  },
                  "potential_range_indexes": [
                    {
                      "index": "PRIMARY",
                      "usable": false,
                      "cause": "not_applicable"
                    },
                    {
                      "index": "idx_user",
                      "usable": false,
                      "cause": "not_applicable"
                    },
                    {
                      "index": "idx_status",
                      "usable": true,
                      "key_parts": [
                        "status",
                        "id"
                      ]
                    },
                    {
                      "index": "idx_vcode",
                      "usable": false,
                      "cause": "not_applicable"
                    }
                  ],
                  "setup_range_conditions": [
                  ],
                  "group_index_range": {
                    "chosen": false,
                    "cause": "not_group_by_or_distinct"
                  },
                  "skip_scan_range": {
                    "potential_skip_scan_indexes": [
                      {
                        "index": "idx_status",
                        "usable": false,
                        "cause": "query_references_nonkey_column"
                      }
                    ]
                  },
                  "analyzing_range_alternatives": {
                    "range_scan_alternatives": [
                      {
                        "index": "idx_status",
                        "ranges": [
                          "status = 1"
                        ],
                        "index_dives_for_eq_ranges": true,
                        "rowid_ordered": true,
                        "using_mrr": false,
                        "index_only": false,
                        "in_memory": 0.747486,
                        "rows": 10000,
                        "cost": 3500.26,
                        "chosen": true
                      }
                    ],
                    "analyzing_roworder_intersect": {
                      "usable": false,
                      "cause": "too_few_roworder_scans"
                    }
                  },
                  "chosen_range_access_summary": {
                    "range_access_plan": {
                      "type": "range_scan",
                      "index": "idx_status",
                      "rows": 10000,
                      "ranges": [
                        "status = 1"
                      ]
                    },
                    "rows_for_plan": 10000,
                    "cost_for_plan": 3500.26,
                    "chosen": true
                  }
                }
              }
            ]
          },
          {
            "considered_execution_plans": [
              {
                "plan_prefix": [
                ],
                "table": "`orders_skew`",
                "best_access_path": {
                  "considered_access_paths": [
                    {
                      "access_type": "ref",
                      "index": "idx_status",
                      "rows": 10000,
                      "cost": 3476.5,
                      "chosen": true
                    },
                    {
                      "access_type": "range",
                      "range_details": {
                        "used_index": "idx_status"
                      },
                      "chosen": false,
                      "cause": "heuristic_index_cheaper"
                    }
                  ]
                },
                "condition_filtering_pct": 100,
                "rows_for_plan": 10000,
                "cost_for_plan": 3476.5,
                "chosen": true
              }
            ]
          },
          {
            "attaching_conditions_to_tables": {
              "original_condition": "(`orders_skew`.`status` = 1)",
              "attached_conditions_computation": [
              ],
              "attached_conditions_summary": [
                {
                  "table": "`orders_skew`",
                  "attached": "(`orders_skew`.`status` = 1)"
                }
              ]
            }
          },
          {
            "finalizing_table_conditions": [
              {
                "table": "`orders_skew`",
                "original_table_condition": "(`orders_skew`.`status` = 1)",
                "final_table_condition   ": null
              }
            ]
          },
          {
            "refine_plan": [
              {
                "table": "`orders_skew`"
              }
            ]
          }
        ]
      }
    },
    {
      "join_explain": {
        "select#": 1,
        "steps": [
        ]
      }
    }
  ]
}
MISSING_BYTES_BEYOND_MAX_MEM_SIZE: 0
          INSUFFICIENT_PRIVILEGES: 0
